\BOOKMARK [0][-]{chapter.1}{\376\377\000I\000n\000t\000r\000o\000d\000u\000\347\000\343\000o}{}% 1
\BOOKMARK [0][-]{chapter.2}{\376\377\000R\000e\000f\000e\000r\000e\000n\000c\000i\000a\000l\000\040\000T\000e\000\363\000r\000i\000c\000o}{}% 2
\BOOKMARK [1][-]{section.2.1}{\376\377\000P\000M\000B\000O\000K\000\040\0007\000\252\000\040\000E\000d\000i\000\347\000\343\000o}{chapter.2}% 3
\BOOKMARK [1][-]{section.2.2}{\376\377\000M\000\351\000t\000o\000d\000o\000s\000\040\000\301\000g\000e\000i\000s\000\040\000d\000e\000\040\000G\000e\000s\000t\000\343\000o\000\040\000d\000e\000\040\000P\000r\000o\000j\000e\000t\000o\000s}{chapter.2}% 4
\BOOKMARK [1][-]{section.2.3}{\376\377\000S\000c\000r\000u\000m\000\040\000c\000o\000m\000o\000\040\000F\000r\000a\000m\000e\000w\000o\000r\000k\000\040\000\301\000g\000i\000l}{chapter.2}% 5
\BOOKMARK [1][-]{section.2.4}{\376\377\000I\000n\000t\000e\000g\000r\000a\000\347\000\343\000o\000\040\000e\000n\000t\000r\000e\000\040\000P\000M\000B\000O\000K\000\040\0007\000\040\000e\000\040\000M\000\351\000t\000o\000d\000o\000s\000\040\000\301\000g\000e\000i\000s}{chapter.2}% 6
\BOOKMARK [0][-]{chapter.3}{\376\377\000A\000p\000l\000i\000c\000a\000\347\000\343\000o\000\040\000d\000o\000s\000\040\000P\000r\000i\000n\000c\000\355\000p\000i\000o\000s\000\040\000d\000o\000\040\000P\000M\000B\000O\000K}{}% 7
\BOOKMARK [1][-]{section.3.1}{\376\377\000E\000n\000t\000r\000e\000g\000a\000\040\000d\000e\000\040\000V\000a\000l\000o\000r}{chapter.3}% 8
\BOOKMARK [1][-]{section.3.2}{\376\377\000E\000n\000g\000a\000j\000a\000m\000e\000n\000t\000o\000\040\000d\000o\000s\000\040\000S\000t\000a\000k\000e\000h\000o\000l\000d\000e\000r\000s}{chapter.3}% 9
\BOOKMARK [1][-]{section.3.3}{\376\377\000L\000i\000d\000e\000r\000a\000n\000\347\000a}{chapter.3}% 10
\BOOKMARK [1][-]{section.3.4}{\376\377\000C\000o\000l\000a\000b\000o\000r\000a\000\347\000\343\000o\000\040\000d\000a\000\040\000E\000q\000u\000i\000p\000e}{chapter.3}% 11
\BOOKMARK [1][-]{section.3.5}{\376\377\000P\000e\000n\000s\000a\000m\000e\000n\000t\000o\000\040\000S\000i\000s\000t\000\352\000m\000i\000c\000o}{chapter.3}% 12
\BOOKMARK [1][-]{section.3.6}{\376\377\000Q\000u\000a\000l\000i\000d\000a\000d\000e}{chapter.3}% 13
\BOOKMARK [1][-]{section.3.7}{\376\377\000C\000o\000m\000p\000l\000e\000x\000i\000d\000a\000d\000e}{chapter.3}% 14
\BOOKMARK [1][-]{section.3.8}{\376\377\000R\000i\000s\000c\000o}{chapter.3}% 15
\BOOKMARK [1][-]{section.3.9}{\376\377\000A\000d\000a\000p\000t\000a\000b\000i\000l\000i\000d\000a\000d\000e\000\040\000e\000\040\000R\000e\000s\000i\000l\000i\000\352\000n\000c\000i\000a}{chapter.3}% 16
\BOOKMARK [1][-]{section.3.10}{\376\377\000M\000u\000d\000a\000n\000\347\000a}{chapter.3}% 17
\BOOKMARK [1][-]{section.3.11}{\376\377\000\311\000t\000i\000c\000a\000\040\000e\000\040\000P\000r\000o\000f\000i\000s\000s\000i\000o\000n\000a\000l\000i\000s\000m\000o}{chapter.3}% 18
\BOOKMARK [1][-]{section.3.12}{\376\377\000A\000p\000r\000e\000n\000d\000i\000z\000a\000d\000o\000\040\000C\000o\000n\000t\000\355\000n\000u\000o}{chapter.3}% 19
\BOOKMARK [0][-]{chapter.4}{\376\377\000A\000n\000\341\000l\000i\000s\000e\000\040\000d\000o\000s\000\040\000D\000o\000m\000\355\000n\000i\000o\000s\000\040\000d\000e\000\040\000D\000e\000s\000e\000m\000p\000e\000n\000h\000o}{}% 20
\BOOKMARK [1][-]{section.4.1}{\376\377\000D\000o\000m\000\355\000n\000i\000o\000\040\000d\000o\000s\000\040\000S\000t\000a\000k\000e\000h\000o\000l\000d\000e\000r\000s}{chapter.4}% 21
\BOOKMARK [1][-]{section.4.2}{\376\377\000D\000o\000m\000\355\000n\000i\000o\000\040\000d\000a\000\040\000E\000q\000u\000i\000p\000e}{chapter.4}% 22
\BOOKMARK [1][-]{section.4.3}{\376\377\000D\000o\000m\000\355\000n\000i\000o\000\040\000d\000a\000\040\000A\000b\000o\000r\000d\000a\000g\000e\000m\000\040\000d\000e\000\040\000D\000e\000s\000e\000n\000v\000o\000l\000v\000i\000m\000e\000n\000t\000o\000\040\000e\000\040\000d\000o\000\040\000C\000i\000c\000l\000o\000\040\000d\000e\000\040\000V\000i\000d\000a}{chapter.4}% 23
\BOOKMARK [1][-]{section.4.4}{\376\377\000D\000o\000m\000\355\000n\000i\000o\000\040\000d\000o\000\040\000P\000l\000a\000n\000e\000j\000a\000m\000e\000n\000t\000o}{chapter.4}% 24
\BOOKMARK [1][-]{section.4.5}{\376\377\000D\000o\000m\000\355\000n\000i\000o\000\040\000d\000o\000\040\000T\000r\000a\000b\000a\000l\000h\000o\000\040\000d\000o\000\040\000P\000r\000o\000j\000e\000t\000o}{chapter.4}% 25
\BOOKMARK [1][-]{section.4.6}{\376\377\000D\000o\000m\000\355\000n\000i\000o\000\040\000d\000a\000\040\000E\000n\000t\000r\000e\000g\000a}{chapter.4}% 26
\BOOKMARK [1][-]{section.4.7}{\376\377\000D\000o\000m\000\355\000n\000i\000o\000\040\000d\000a\000\040\000M\000e\000d\000i\000\347\000\343\000o}{chapter.4}% 27
\BOOKMARK [1][-]{section.4.8}{\376\377\000D\000o\000m\000\355\000n\000i\000o\000\040\000d\000a\000\040\000I\000n\000c\000e\000r\000t\000e\000z\000a}{chapter.4}% 28
\BOOKMARK [0][-]{chapter.5}{\376\377\000T\000a\000i\000l\000o\000r\000i\000n\000g\000\040\000d\000o\000\040\000P\000r\000o\000j\000e\000t\000o}{}% 29
\BOOKMARK [1][-]{section.5.1}{\376\377\000J\000u\000s\000t\000i\000f\000i\000c\000a\000t\000i\000v\000a\000\040\000d\000a\000\040\000A\000b\000o\000r\000d\000a\000g\000e\000m\000\040\000A\000d\000o\000t\000a\000d\000a}{chapter.5}% 30
\BOOKMARK [1][-]{section.5.2}{\376\377\000A\000d\000a\000p\000t\000a\000\347\000\343\000o\000\040\000d\000o\000s\000\040\000P\000a\000p\000\351\000i\000s\000\040\000d\000o\000\040\000S\000c\000r\000u\000m}{chapter.5}% 31
\BOOKMARK [1][-]{section.5.3}{\376\377\000A\000d\000a\000p\000t\000a\000\347\000\343\000o\000\040\000d\000o\000s\000\040\000E\000v\000e\000n\000t\000o\000s\000\040\000d\000o\000\040\000S\000c\000r\000u\000m}{chapter.5}% 32
\BOOKMARK [1][-]{section.5.4}{\376\377\000A\000d\000a\000p\000t\000a\000\347\000\343\000o\000\040\000d\000o\000s\000\040\000A\000r\000t\000e\000f\000a\000t\000o\000s}{chapter.5}% 33
\BOOKMARK [1][-]{section.5.5}{\376\377\000I\000n\000t\000e\000g\000r\000a\000\347\000\343\000o\000\040\000c\000o\000m\000\040\000P\000r\000\341\000t\000i\000c\000a\000s\000\040\000C\000o\000m\000p\000l\000e\000m\000e\000n\000t\000a\000r\000e\000s}{chapter.5}% 34
\BOOKMARK [1][-]{section.5.6}{\376\377\000L\000i\000m\000i\000t\000e\000s\000\040\000e\000\040\000R\000e\000s\000t\000r\000i\000\347\000\365\000e\000s\000\040\000d\000o\000\040\000T\000a\000i\000l\000o\000r\000i\000n\000g}{chapter.5}% 35
\BOOKMARK [0][-]{chapter.6}{\376\377\000P\000l\000a\000n\000e\000j\000a\000m\000e\000n\000t\000o\000\040\000\301\000g\000i\000l}{}% 36
\BOOKMARK [1][-]{section.6.1}{\376\377\000V\000i\000s\000\343\000o\000\040\000d\000o\000\040\000P\000r\000o\000d\000u\000t\000o}{chapter.6}% 37
\BOOKMARK [1][-]{section.6.2}{\376\377\000E\000s\000t\000r\000u\000t\000u\000r\000a\000\040\000d\000o\000\040\000P\000r\000o\000d\000u\000c\000t\000\040\000B\000a\000c\000k\000l\000o\000g}{chapter.6}% 38
\BOOKMARK [1][-]{section.6.3}{\376\377\000P\000l\000a\000n\000e\000j\000a\000m\000e\000n\000t\000o\000\040\000d\000a\000s\000\040\000S\000p\000r\000i\000n\000t\000s}{chapter.6}% 39
\BOOKMARK [1][-]{section.6.4}{\376\377\000R\000o\000a\000d\000m\000a\000p\000\040\000d\000o\000\040\000P\000r\000o\000j\000e\000t\000o}{chapter.6}% 40
\BOOKMARK [1][-]{section.6.5}{\376\377\000M\000\351\000t\000r\000i\000c\000a\000s\000\040\000\301\000g\000e\000i\000s\000\040\000e\000\040\000A\000c\000o\000m\000p\000a\000n\000h\000a\000m\000e\000n\000t\000o}{chapter.6}% 41
\BOOKMARK [1][-]{section.6.6}{\376\377\000P\000r\000e\000v\000i\000s\000i\000b\000i\000l\000i\000d\000a\000d\000e\000\040\000e\000\040\000C\000o\000n\000t\000r\000o\000l\000e}{chapter.6}% 42
\BOOKMARK [0][-]{chapter.7}{\376\377\000A\000n\000\341\000l\000i\000s\000e\000\040\000d\000e\000\040\000R\000i\000s\000c\000o\000s\000\040\000e\000\040\000I\000n\000c\000e\000r\000t\000e\000z\000a\000s}{}% 43
\BOOKMARK [1][-]{section.7.1}{\376\377\000N\000a\000t\000u\000r\000e\000z\000a\000\040\000d\000a\000\040\000I\000n\000c\000e\000r\000t\000e\000z\000a\000\040\000n\000o\000\040\000P\000r\000o\000j\000e\000t\000o}{chapter.7}% 44
\BOOKMARK [1][-]{section.7.2}{\376\377\000I\000d\000e\000n\000t\000i\000f\000i\000c\000a\000\347\000\343\000o\000\040\000d\000o\000s\000\040\000P\000r\000i\000n\000c\000i\000p\000a\000i\000s\000\040\000R\000i\000s\000c\000o\000s}{chapter.7}% 45
\BOOKMARK [1][-]{section.7.3}{\376\377\000E\000s\000t\000r\000a\000t\000\351\000g\000i\000a\000s\000\040\000d\000e\000\040\000R\000e\000s\000p\000o\000s\000t\000a\000\040\000a\000o\000s\000\040\000R\000i\000s\000c\000o\000s}{chapter.7}% 46
\BOOKMARK [1][-]{section.7.4}{\376\377\000M\000o\000n\000i\000t\000o\000r\000a\000m\000e\000n\000t\000o\000\040\000C\000o\000n\000t\000\355\000n\000u\000o\000\040\000d\000o\000s\000\040\000R\000i\000s\000c\000o\000s}{chapter.7}% 47
\BOOKMARK [1][-]{section.7.5}{\376\377\000R\000i\000s\000c\000o\000s\000,\000\040\000I\000n\000c\000e\000r\000t\000e\000z\000a\000\040\000e\000\040\000T\000o\000m\000a\000d\000a\000\040\000d\000e\000\040\000D\000e\000c\000i\000s\000\343\000o}{chapter.7}% 48
\BOOKMARK [0][-]{chapter.8}{\376\377\000C\000o\000n\000s\000i\000d\000e\000r\000a\000\347\000\365\000e\000s\000\040\000F\000i\000n\000a\000i\000s}{}% 49
\BOOKMARK [0][-]{appendix.A}{\376\377\000A\000r\000t\000e\000f\000a\000t\000o\000s\000\040\000d\000e\000\040\000G\000e\000s\000t\000\343\000o\000\040\000d\000o\000\040\000P\000r\000o\000j\000e\000t\000o}{}% 50
\BOOKMARK [1][-]{section.A.1}{\376\377\000V\000i\000s\000\343\000o\000\040\000d\000o\000\040\000P\000r\000o\000d\000u\000t\000o}{appendix.A}% 51
\BOOKMARK [1][-]{section.A.2}{\376\377\000P\000a\000p\000\351\000i\000s\000\040\000e\000\040\000R\000e\000s\000p\000o\000n\000s\000a\000b\000i\000l\000i\000d\000a\000d\000e\000s}{appendix.A}% 52
\BOOKMARK [1][-]{section.A.3}{\376\377\000B\000a\000c\000k\000l\000o\000g\000\040\000C\000o\000n\000s\000o\000l\000i\000d\000a\000d\000o}{appendix.A}% 53
\BOOKMARK [1][-]{section.A.4}{\376\377\000D\000e\000f\000i\000n\000i\000\347\000\343\000o\000\040\000d\000e\000\040\000P\000r\000o\000n\000t\000o\000\040\000\050\000D\000e\000f\000i\000n\000i\000t\000i\000o\000n\000\040\000o\000f\000\040\000D\000o\000n\000e\000\051}{appendix.A}% 54
\BOOKMARK [1][-]{section.A.5}{\376\377\000M\000\351\000t\000r\000i\000c\000a\000s\000\040\000d\000e\000\040\000A\000c\000o\000m\000p\000a\000n\000h\000a\000m\000e\000n\000t\000o}{appendix.A}% 55
\BOOKMARK [0][-]{appendix.B}{\376\377\000V\000i\000s\000\343\000o\000\040\000T\000\351\000c\000n\000i\000c\000a\000\040\000e\000\040\000E\000s\000t\000r\000u\000t\000u\000r\000a\000l\000\040\000d\000o\000\040\000S\000i\000s\000t\000e\000m\000a}{}% 56
\BOOKMARK [1][-]{section.B.1}{\376\377\000A\000r\000q\000u\000i\000t\000e\000t\000u\000r\000a\000\040\000C\000o\000n\000c\000e\000i\000t\000u\000a\000l}{appendix.B}% 57
\BOOKMARK [1][-]{section.B.2}{\376\377\000M\000o\000d\000e\000l\000o\000\040\000d\000e\000\040\000D\000a\000d\000o\000s\000\040\000S\000i\000m\000p\000l\000i\000f\000i\000c\000a\000d\000o}{appendix.B}% 58
\BOOKMARK [1][-]{section.B.3}{\376\377\000G\000e\000o\000r\000r\000e\000f\000e\000r\000e\000n\000c\000i\000a\000m\000e\000n\000t\000o}{appendix.B}% 59
\BOOKMARK [1][-]{section.B.4}{\376\377\000S\000e\000g\000u\000r\000a\000n\000\347\000a\000\040\000e\000\040\000\311\000t\000i\000c\000a\000\040\000n\000o\000\040\000U\000s\000o\000\040\000d\000e\000\040\000D\000a\000d\000o\000s}{appendix.B}% 60
\BOOKMARK [1][-]{section.B.5}{\376\377\000E\000v\000o\000l\000u\000\347\000\343\000o\000\040\000F\000u\000t\000u\000r\000a}{appendix.B}% 61
\BOOKMARK [0][-]{appendix.C}{\376\377\000R\000i\000s\000c\000o\000s\000,\000\040\000D\000e\000c\000i\000s\000\365\000e\000s\000\040\000C\000r\000\355\000t\000i\000c\000a\000s\000\040\000e\000\040\000T\000r\000a\000d\000e\000-\000o\000f\000f\000s\000\040\000d\000o\000\040\000P\000r\000o\000j\000e\000t\000o}{}% 62
\BOOKMARK [1][-]{section.C.1}{\376\377\000P\000r\000i\000n\000c\000i\000p\000a\000i\000s\000\040\000R\000i\000s\000c\000o\000s\000\040\000I\000d\000e\000n\000t\000i\000f\000i\000c\000a\000d\000o\000s}{appendix.C}% 63
\BOOKMARK [2][-]{subsection.C.1.1}{\376\377\000R\000i\000s\000c\000o\000\040\000d\000e\000\040\000E\000s\000c\000o\000p\000o\000\040\000D\000i\000f\000u\000s\000o}{section.C.1}% 64
\BOOKMARK [2][-]{subsection.C.1.2}{\376\377\000R\000i\000s\000c\000o\000\040\000d\000e\000\040\000Q\000u\000a\000l\000i\000d\000a\000d\000e\000\040\000d\000o\000s\000\040\000D\000a\000d\000o\000s}{section.C.1}% 65
\BOOKMARK [2][-]{subsection.C.1.3}{\376\377\000R\000i\000s\000c\000o\000\040\000d\000e\000\040\000S\000e\000g\000u\000r\000a\000n\000\347\000a\000\040\000e\000\040\000P\000r\000i\000v\000a\000c\000i\000d\000a\000d\000e}{section.C.1}% 66
\BOOKMARK [2][-]{subsection.C.1.4}{\376\377\000R\000i\000s\000c\000o\000\040\000d\000e\000\040\000A\000d\000o\000\347\000\343\000o\000\040\000p\000e\000l\000o\000s\000\040\000U\000s\000u\000\341\000r\000i\000o\000s}{section.C.1}% 67
\BOOKMARK [1][-]{section.C.2}{\376\377\000D\000e\000c\000i\000s\000\365\000e\000s\000\040\000D\000i\000f\000\355\000c\000e\000i\000s\000\040\000E\000n\000f\000r\000e\000n\000t\000a\000d\000a\000s}{appendix.C}% 68
\BOOKMARK [2][-]{subsection.C.2.1}{\376\377\000S\000i\000m\000p\000l\000i\000c\000i\000d\000a\000d\000e\000\040\000v\000e\000r\000s\000u\000s\000\040\000F\000u\000n\000c\000i\000o\000n\000a\000l\000i\000d\000a\000d\000e}{section.C.2}% 69
\BOOKMARK [2][-]{subsection.C.2.2}{\376\377\000F\000l\000e\000x\000i\000b\000i\000l\000i\000d\000a\000d\000e\000\040\000v\000e\000r\000s\000u\000s\000\040\000P\000a\000d\000r\000o\000n\000i\000z\000a\000\347\000\343\000o}{section.C.2}% 70
\BOOKMARK [2][-]{subsection.C.2.3}{\376\377\000P\000l\000a\000n\000e\000j\000a\000m\000e\000n\000t\000o\000\040\000v\000e\000r\000s\000u\000s\000\040\000A\000d\000a\000p\000t\000a\000\347\000\343\000o}{section.C.2}% 71
\BOOKMARK [1][-]{section.C.3}{\376\377\000T\000r\000a\000d\000e\000-\000o\000f\000f\000s\000\040\000A\000s\000s\000u\000m\000i\000d\000o\000s}{appendix.C}% 72
\BOOKMARK [2][-]{subsection.C.3.1}{\376\377\000V\000e\000l\000o\000c\000i\000d\000a\000d\000e\000\040\000d\000e\000\040\000E\000n\000t\000r\000e\000g\000a\000\040\000v\000e\000r\000s\000u\000s\000\040\000R\000o\000b\000u\000s\000t\000e\000z\000\040\000T\000\351\000c\000n\000i\000c\000a}{section.C.3}% 73
\BOOKMARK [2][-]{subsection.C.3.2}{\376\377\000E\000s\000c\000a\000l\000a\000b\000i\000l\000i\000d\000a\000d\000e\000\040\000F\000u\000t\000u\000r\000a\000\040\000v\000e\000r\000s\000u\000s\000\040\000S\000i\000m\000p\000l\000i\000c\000i\000d\000a\000d\000e\000\040\000A\000t\000u\000a\000l}{section.C.3}% 74
\BOOKMARK [2][-]{subsection.C.3.3}{\376\377\000C\000o\000n\000t\000r\000o\000l\000e\000\040\000C\000e\000n\000t\000r\000a\000l\000i\000z\000a\000d\000o\000\040\000v\000e\000r\000s\000u\000s\000\040\000A\000u\000t\000o\000n\000o\000m\000i\000a\000\040\000d\000o\000\040\000T\000i\000m\000e}{section.C.3}% 75
\BOOKMARK [1][-]{section.C.4}{\376\377\000S\000\355\000n\000t\000e\000s\000e\000\040\000d\000o\000s\000\040\000A\000p\000r\000e\000n\000d\000i\000z\000a\000d\000o\000s}{appendix.C}% 76
