[0;32m[INFO][0m Starting database population process
[0;32m[INFO][0m Using SQL script: Populate_MySQL_database.sql
[0;32m[INFO][0m Testing MySQL connection...
[0;32m[INFO][0m MySQL connection successful.
[1;33m[WARNING][0m Database 'user_management_db' does not exist. It will be created by the script.
[0;32m[INFO][0m Executing SQL script: Populate_MySQL_database.sql
mysql: [Warning] Using a password on the command line interface can be insecure.
description	count
USER table count: 	20
ROLE table count: 	5
ROLE_USER table count: 	28
[0;32m[INFO][0m SQL script executed successfully.
[0;32m[INFO][0m Verifying data insertion...
mysql: [Warning] Using a password on the command line interface can be insecure.
[0;32m[INFO][0m USER table	20
[0;32m[INFO][0m ROLE table	5
[0;32m[INFO][0m ROLE_USER table	28
[0;32m[INFO][0m Displaying sample data...
mysql: [Warning] Using a password on the command line interface can be insecure.
[0;32m[INFO][0m Database population completed successfully!
